--
-- DATE
--
CREATE FOREIGN TABLE DATE_TBL (f1 date primary key);
NOTICE:  CREATE FOREIGN TABLE / PRIMARY KEY will create constraint "date_tbl_pkey" for foreign table "date_tbl"
INSERT INTO DATE_TBL VALUES ('1957-04-09');
INSERT INTO DATE_TBL VALUES ('1957-06-13');
INSERT INTO DATE_TBL VALUES ('1996-02-28');
INSERT INTO DATE_TBL VALUES ('1996-02-29');
INSERT INTO DATE_TBL VALUES ('1996-03-01');
INSERT INTO DATE_TBL VALUES ('1996-03-02');
INSERT INTO DATE_TBL VALUES ('1997-02-28');
INSERT INTO DATE_TBL VALUES ('1997-02-29');
ERROR:  date/time field value out of range: "1997-02-29"
LINE 1: INSERT INTO DATE_TBL VALUES ('1997-02-29');
                                     ^
CONTEXT:  referenced column: f1
INSERT INTO DATE_TBL VALUES ('1997-03-01');
INSERT INTO DATE_TBL VALUES ('1997-03-02');
INSERT INTO DATE_TBL VALUES ('2000-04-01');
INSERT INTO DATE_TBL VALUES ('2000-04-02');
INSERT INTO DATE_TBL VALUES ('2000-04-03');
INSERT INTO DATE_TBL VALUES ('2038-04-08');
INSERT INTO DATE_TBL VALUES ('2039-04-09');
INSERT INTO DATE_TBL VALUES ('2040-04-10');
SELECT f1 AS "Fifteen" FROM DATE_TBL;
         Fifteen          
--------------------------
 Tue Apr 09 00:00:00 1957
 Thu Jun 13 00:00:00 1957
 Wed Feb 28 00:00:00 1996
 Thu Feb 29 00:00:00 1996
 Fri Mar 01 00:00:00 1996
 Sat Mar 02 00:00:00 1996
 Fri Feb 28 00:00:00 1997
 Sat Mar 01 00:00:00 1997
 Sun Mar 02 00:00:00 1997
 Sat Apr 01 00:00:00 2000
 Sun Apr 02 00:00:00 2000
 Mon Apr 03 00:00:00 2000
 Thu Apr 08 00:00:00 2038
 Sat Apr 09 00:00:00 2039
 Tue Apr 10 00:00:00 2040
(15 rows)

SELECT f1 AS "Nine" FROM DATE_TBL WHERE f1 < '2000-01-01';
           Nine           
--------------------------
 Sun Mar 02 00:00:00 1997
 Sat Mar 01 00:00:00 1997
 Fri Feb 28 00:00:00 1997
 Sat Mar 02 00:00:00 1996
 Fri Mar 01 00:00:00 1996
 Thu Feb 29 00:00:00 1996
 Wed Feb 28 00:00:00 1996
 Thu Jun 13 00:00:00 1957
 Tue Apr 09 00:00:00 1957
(9 rows)

SELECT f1 AS "Three" FROM DATE_TBL
  WHERE f1 BETWEEN '2000-01-01' AND '2001-01-01';
          Three           
--------------------------
 Sat Apr 01 00:00:00 2000
 Sun Apr 02 00:00:00 2000
 Mon Apr 03 00:00:00 2000
(3 rows)

--
-- Check all the documented input formats
--
SET datestyle TO iso;  -- display results in ISO
SET datestyle TO ymd;
SELECT date 'January 8, 1999';
      timestamp      
---------------------
 1999-01-08 00:00:00
(1 row)

SELECT date '1999-01-08';
      timestamp      
---------------------
 1999-01-08 00:00:00
(1 row)

SELECT date '1999-01-18';
      timestamp      
---------------------
 1999-01-18 00:00:00
(1 row)

SELECT date '1/8/1999';
ERROR:  date/time field value out of range: "1/8/1999"
LINE 1: SELECT date '1/8/1999';
                    ^
HINT:  Perhaps you need a different "datestyle" setting.
CONTEXT:  referenced column: timestamp
SELECT date '1/18/1999';
ERROR:  date/time field value out of range: "1/18/1999"
LINE 1: SELECT date '1/18/1999';
                    ^
HINT:  Perhaps you need a different "datestyle" setting.
CONTEXT:  referenced column: timestamp
SELECT date '18/1/1999';
ERROR:  date/time field value out of range: "18/1/1999"
LINE 1: SELECT date '18/1/1999';
                    ^
HINT:  Perhaps you need a different "datestyle" setting.
CONTEXT:  referenced column: timestamp
SELECT date '01/02/03';
      timestamp      
---------------------
 2001-02-03 00:00:00
(1 row)

SELECT date '19990108';
      timestamp      
---------------------
 1999-01-08 00:00:00
(1 row)

SELECT date '990108';
      timestamp      
---------------------
 1999-01-08 00:00:00
(1 row)

SELECT date '1999.008';
      timestamp      
---------------------
 1999-01-08 00:00:00
(1 row)

SELECT date 'J2451187';
      timestamp      
---------------------
 1999-01-08 00:00:00
(1 row)

SELECT date 'January 8, 99 BC';
ERROR:  date/time field value out of range: "January 8, 99 BC"
LINE 1: SELECT date 'January 8, 99 BC';
                    ^
HINT:  Perhaps you need a different "datestyle" setting.
CONTEXT:  referenced column: timestamp
SELECT date '99-Jan-08';
      timestamp      
---------------------
 1999-01-08 00:00:00
(1 row)

SELECT date '1999-Jan-08';
      timestamp      
---------------------
 1999-01-08 00:00:00
(1 row)

SELECT date '08-Jan-99';
ERROR:  date/time field value out of range: "08-Jan-99"
LINE 1: SELECT date '08-Jan-99';
                    ^
HINT:  Perhaps you need a different "datestyle" setting.
CONTEXT:  referenced column: timestamp
SELECT date '08-Jan-1999';
      timestamp      
---------------------
 1999-01-08 00:00:00
(1 row)

SELECT date 'Jan-08-99';
ERROR:  date/time field value out of range: "Jan-08-99"
LINE 1: SELECT date 'Jan-08-99';
                    ^
HINT:  Perhaps you need a different "datestyle" setting.
CONTEXT:  referenced column: timestamp
SELECT date 'Jan-08-1999';
      timestamp      
---------------------
 1999-01-08 00:00:00
(1 row)

SELECT date '99-08-Jan';
ERROR:  invalid input syntax for type timestamp: "99-08-Jan"
LINE 1: SELECT date '99-08-Jan';
                    ^
CONTEXT:  referenced column: timestamp
SELECT date '1999-08-Jan';
ERROR:  invalid input syntax for type timestamp: "1999-08-Jan"
LINE 1: SELECT date '1999-08-Jan';
                    ^
CONTEXT:  referenced column: timestamp
SELECT date '99 Jan 08';
      timestamp      
---------------------
 1999-01-08 00:00:00
(1 row)

SELECT date '1999 Jan 08';
      timestamp      
---------------------
 1999-01-08 00:00:00
(1 row)

SELECT date '08 Jan 99';
ERROR:  date/time field value out of range: "08 Jan 99"
LINE 1: SELECT date '08 Jan 99';
                    ^
HINT:  Perhaps you need a different "datestyle" setting.
CONTEXT:  referenced column: timestamp
SELECT date '08 Jan 1999';
      timestamp      
---------------------
 1999-01-08 00:00:00
(1 row)

SELECT date 'Jan 08 99';
ERROR:  date/time field value out of range: "Jan 08 99"
LINE 1: SELECT date 'Jan 08 99';
                    ^
HINT:  Perhaps you need a different "datestyle" setting.
CONTEXT:  referenced column: timestamp
SELECT date 'Jan 08 1999';
      timestamp      
---------------------
 1999-01-08 00:00:00
(1 row)

SELECT date '99 08 Jan';
      timestamp      
---------------------
 1999-01-08 00:00:00
(1 row)

SELECT date '1999 08 Jan';
      timestamp      
---------------------
 1999-01-08 00:00:00
(1 row)

SELECT date '99-01-08';
      timestamp      
---------------------
 1999-01-08 00:00:00
(1 row)

SELECT date '1999-01-08';
      timestamp      
---------------------
 1999-01-08 00:00:00
(1 row)

SELECT date '08-01-99';
ERROR:  date/time field value out of range: "08-01-99"
LINE 1: SELECT date '08-01-99';
                    ^
HINT:  Perhaps you need a different "datestyle" setting.
CONTEXT:  referenced column: timestamp
SELECT date '08-01-1999';
ERROR:  date/time field value out of range: "08-01-1999"
LINE 1: SELECT date '08-01-1999';
                    ^
HINT:  Perhaps you need a different "datestyle" setting.
CONTEXT:  referenced column: timestamp
SELECT date '01-08-99';
ERROR:  date/time field value out of range: "01-08-99"
LINE 1: SELECT date '01-08-99';
                    ^
HINT:  Perhaps you need a different "datestyle" setting.
CONTEXT:  referenced column: timestamp
SELECT date '01-08-1999';
ERROR:  date/time field value out of range: "01-08-1999"
LINE 1: SELECT date '01-08-1999';
                    ^
HINT:  Perhaps you need a different "datestyle" setting.
CONTEXT:  referenced column: timestamp
SELECT date '99-08-01';
      timestamp      
---------------------
 1999-08-01 00:00:00
(1 row)

SELECT date '1999-08-01';
      timestamp      
---------------------
 1999-08-01 00:00:00
(1 row)

SELECT date '99 01 08';
      timestamp      
---------------------
 1999-01-08 00:00:00
(1 row)

SELECT date '1999 01 08';
      timestamp      
---------------------
 1999-01-08 00:00:00
(1 row)

SELECT date '08 01 99';
ERROR:  date/time field value out of range: "08 01 99"
LINE 1: SELECT date '08 01 99';
                    ^
HINT:  Perhaps you need a different "datestyle" setting.
CONTEXT:  referenced column: timestamp
SELECT date '08 01 1999';
ERROR:  date/time field value out of range: "08 01 1999"
LINE 1: SELECT date '08 01 1999';
                    ^
HINT:  Perhaps you need a different "datestyle" setting.
CONTEXT:  referenced column: timestamp
SELECT date '01 08 99';
ERROR:  date/time field value out of range: "01 08 99"
LINE 1: SELECT date '01 08 99';
                    ^
HINT:  Perhaps you need a different "datestyle" setting.
CONTEXT:  referenced column: timestamp
SELECT date '01 08 1999';
ERROR:  date/time field value out of range: "01 08 1999"
LINE 1: SELECT date '01 08 1999';
                    ^
HINT:  Perhaps you need a different "datestyle" setting.
CONTEXT:  referenced column: timestamp
SELECT date '99 08 01';
      timestamp      
---------------------
 1999-08-01 00:00:00
(1 row)

SELECT date '1999 08 01';
      timestamp      
---------------------
 1999-08-01 00:00:00
(1 row)

SET datestyle TO dmy;
SELECT date 'January 8, 1999';
      timestamp      
---------------------
 1999-01-08 00:00:00
(1 row)

SELECT date '1999-01-08';
      timestamp      
---------------------
 1999-01-08 00:00:00
(1 row)

SELECT date '1999-01-18';
      timestamp      
---------------------
 1999-01-18 00:00:00
(1 row)

SELECT date '1/8/1999';
      timestamp      
---------------------
 1999-08-01 00:00:00
(1 row)

SELECT date '1/18/1999';
ERROR:  date/time field value out of range: "1/18/1999"
LINE 1: SELECT date '1/18/1999';
                    ^
HINT:  Perhaps you need a different "datestyle" setting.
CONTEXT:  referenced column: timestamp
SELECT date '18/1/1999';
      timestamp      
---------------------
 1999-01-18 00:00:00
(1 row)

SELECT date '01/02/03';
      timestamp      
---------------------
 2003-02-01 00:00:00
(1 row)

SELECT date '19990108';
      timestamp      
---------------------
 1999-01-08 00:00:00
(1 row)

SELECT date '990108';
      timestamp      
---------------------
 1999-01-08 00:00:00
(1 row)

SELECT date '1999.008';
      timestamp      
---------------------
 1999-01-08 00:00:00
(1 row)

SELECT date 'J2451187';
      timestamp      
---------------------
 1999-01-08 00:00:00
(1 row)

SELECT date 'January 8, 99 BC';
       timestamp        
------------------------
 0099-01-08 00:00:00 BC
(1 row)

SELECT date '99-Jan-08';
ERROR:  date/time field value out of range: "99-Jan-08"
LINE 1: SELECT date '99-Jan-08';
                    ^
HINT:  Perhaps you need a different "datestyle" setting.
CONTEXT:  referenced column: timestamp
SELECT date '1999-Jan-08';
      timestamp      
---------------------
 1999-01-08 00:00:00
(1 row)

SELECT date '08-Jan-99';
      timestamp      
---------------------
 1999-01-08 00:00:00
(1 row)

SELECT date '08-Jan-1999';
      timestamp      
---------------------
 1999-01-08 00:00:00
(1 row)

SELECT date 'Jan-08-99';
      timestamp      
---------------------
 1999-01-08 00:00:00
(1 row)

SELECT date 'Jan-08-1999';
      timestamp      
---------------------
 1999-01-08 00:00:00
(1 row)

SELECT date '99-08-Jan';
ERROR:  invalid input syntax for type timestamp: "99-08-Jan"
LINE 1: SELECT date '99-08-Jan';
                    ^
CONTEXT:  referenced column: timestamp
SELECT date '1999-08-Jan';
ERROR:  invalid input syntax for type timestamp: "1999-08-Jan"
LINE 1: SELECT date '1999-08-Jan';
                    ^
CONTEXT:  referenced column: timestamp
SELECT date '99 Jan 08';
ERROR:  date/time field value out of range: "99 Jan 08"
LINE 1: SELECT date '99 Jan 08';
                    ^
HINT:  Perhaps you need a different "datestyle" setting.
CONTEXT:  referenced column: timestamp
SELECT date '1999 Jan 08';
      timestamp      
---------------------
 1999-01-08 00:00:00
(1 row)

SELECT date '08 Jan 99';
      timestamp      
---------------------
 1999-01-08 00:00:00
(1 row)

SELECT date '08 Jan 1999';
      timestamp      
---------------------
 1999-01-08 00:00:00
(1 row)

SELECT date 'Jan 08 99';
      timestamp      
---------------------
 1999-01-08 00:00:00
(1 row)

SELECT date 'Jan 08 1999';
      timestamp      
---------------------
 1999-01-08 00:00:00
(1 row)

SELECT date '99 08 Jan';
ERROR:  invalid input syntax for type timestamp: "99 08 Jan"
LINE 1: SELECT date '99 08 Jan';
                    ^
CONTEXT:  referenced column: timestamp
SELECT date '1999 08 Jan';
      timestamp      
---------------------
 1999-01-08 00:00:00
(1 row)

SELECT date '99-01-08';
ERROR:  date/time field value out of range: "99-01-08"
LINE 1: SELECT date '99-01-08';
                    ^
HINT:  Perhaps you need a different "datestyle" setting.
CONTEXT:  referenced column: timestamp
SELECT date '1999-01-08';
      timestamp      
---------------------
 1999-01-08 00:00:00
(1 row)

SELECT date '08-01-99';
      timestamp      
---------------------
 1999-01-08 00:00:00
(1 row)

SELECT date '08-01-1999';
      timestamp      
---------------------
 1999-01-08 00:00:00
(1 row)

SELECT date '01-08-99';
      timestamp      
---------------------
 1999-08-01 00:00:00
(1 row)

SELECT date '01-08-1999';
      timestamp      
---------------------
 1999-08-01 00:00:00
(1 row)

SELECT date '99-08-01';
ERROR:  date/time field value out of range: "99-08-01"
LINE 1: SELECT date '99-08-01';
                    ^
HINT:  Perhaps you need a different "datestyle" setting.
CONTEXT:  referenced column: timestamp
SELECT date '1999-08-01';
      timestamp      
---------------------
 1999-08-01 00:00:00
(1 row)

SELECT date '99 01 08';
ERROR:  date/time field value out of range: "99 01 08"
LINE 1: SELECT date '99 01 08';
                    ^
HINT:  Perhaps you need a different "datestyle" setting.
CONTEXT:  referenced column: timestamp
SELECT date '1999 01 08';
      timestamp      
---------------------
 1999-01-08 00:00:00
(1 row)

SELECT date '08 01 99';
      timestamp      
---------------------
 1999-01-08 00:00:00
(1 row)

SELECT date '08 01 1999';
      timestamp      
---------------------
 1999-01-08 00:00:00
(1 row)

SELECT date '01 08 99';
      timestamp      
---------------------
 1999-08-01 00:00:00
(1 row)

SELECT date '01 08 1999';
      timestamp      
---------------------
 1999-08-01 00:00:00
(1 row)

SELECT date '99 08 01';
ERROR:  date/time field value out of range: "99 08 01"
LINE 1: SELECT date '99 08 01';
                    ^
HINT:  Perhaps you need a different "datestyle" setting.
CONTEXT:  referenced column: timestamp
SELECT date '1999 08 01';
      timestamp      
---------------------
 1999-08-01 00:00:00
(1 row)

SET datestyle TO mdy;
SELECT date 'January 8, 1999';
      timestamp      
---------------------
 1999-01-08 00:00:00
(1 row)

SELECT date '1999-01-08';
      timestamp      
---------------------
 1999-01-08 00:00:00
(1 row)

SELECT date '1999-01-18';
      timestamp      
---------------------
 1999-01-18 00:00:00
(1 row)

SELECT date '1/8/1999';
      timestamp      
---------------------
 1999-01-08 00:00:00
(1 row)

SELECT date '1/18/1999';
      timestamp      
---------------------
 1999-01-18 00:00:00
(1 row)

SELECT date '18/1/1999';
ERROR:  date/time field value out of range: "18/1/1999"
LINE 1: SELECT date '18/1/1999';
                    ^
HINT:  Perhaps you need a different "datestyle" setting.
CONTEXT:  referenced column: timestamp
SELECT date '01/02/03';
      timestamp      
---------------------
 2003-01-02 00:00:00
(1 row)

SELECT date '19990108';
      timestamp      
---------------------
 1999-01-08 00:00:00
(1 row)

SELECT date '990108';
      timestamp      
---------------------
 1999-01-08 00:00:00
(1 row)

SELECT date '1999.008';
      timestamp      
---------------------
 1999-01-08 00:00:00
(1 row)

SELECT date 'J2451187';
      timestamp      
---------------------
 1999-01-08 00:00:00
(1 row)

SELECT date 'January 8, 99 BC';
       timestamp        
------------------------
 0099-01-08 00:00:00 BC
(1 row)

SELECT date '99-Jan-08';
ERROR:  date/time field value out of range: "99-Jan-08"
LINE 1: SELECT date '99-Jan-08';
                    ^
HINT:  Perhaps you need a different "datestyle" setting.
CONTEXT:  referenced column: timestamp
SELECT date '1999-Jan-08';
      timestamp      
---------------------
 1999-01-08 00:00:00
(1 row)

SELECT date '08-Jan-99';
      timestamp      
---------------------
 1999-01-08 00:00:00
(1 row)

SELECT date '08-Jan-1999';
      timestamp      
---------------------
 1999-01-08 00:00:00
(1 row)

SELECT date 'Jan-08-99';
      timestamp      
---------------------
 1999-01-08 00:00:00
(1 row)

SELECT date 'Jan-08-1999';
      timestamp      
---------------------
 1999-01-08 00:00:00
(1 row)

SELECT date '99-08-Jan';
ERROR:  invalid input syntax for type timestamp: "99-08-Jan"
LINE 1: SELECT date '99-08-Jan';
                    ^
CONTEXT:  referenced column: timestamp
SELECT date '1999-08-Jan';
ERROR:  invalid input syntax for type timestamp: "1999-08-Jan"
LINE 1: SELECT date '1999-08-Jan';
                    ^
CONTEXT:  referenced column: timestamp
SELECT date '99 Jan 08';
ERROR:  invalid input syntax for type timestamp: "99 Jan 08"
LINE 1: SELECT date '99 Jan 08';
                    ^
CONTEXT:  referenced column: timestamp
SELECT date '1999 Jan 08';
      timestamp      
---------------------
 1999-01-08 00:00:00
(1 row)

SELECT date '08 Jan 99';
      timestamp      
---------------------
 1999-01-08 00:00:00
(1 row)

SELECT date '08 Jan 1999';
      timestamp      
---------------------
 1999-01-08 00:00:00
(1 row)

SELECT date 'Jan 08 99';
      timestamp      
---------------------
 1999-01-08 00:00:00
(1 row)

SELECT date 'Jan 08 1999';
      timestamp      
---------------------
 1999-01-08 00:00:00
(1 row)

SELECT date '99 08 Jan';
ERROR:  invalid input syntax for type timestamp: "99 08 Jan"
LINE 1: SELECT date '99 08 Jan';
                    ^
CONTEXT:  referenced column: timestamp
SELECT date '1999 08 Jan';
      timestamp      
---------------------
 1999-01-08 00:00:00
(1 row)

SELECT date '99-01-08';
ERROR:  date/time field value out of range: "99-01-08"
LINE 1: SELECT date '99-01-08';
                    ^
HINT:  Perhaps you need a different "datestyle" setting.
CONTEXT:  referenced column: timestamp
SELECT date '1999-01-08';
      timestamp      
---------------------
 1999-01-08 00:00:00
(1 row)

SELECT date '08-01-99';
      timestamp      
---------------------
 1999-08-01 00:00:00
(1 row)

SELECT date '08-01-1999';
      timestamp      
---------------------
 1999-08-01 00:00:00
(1 row)

SELECT date '01-08-99';
      timestamp      
---------------------
 1999-01-08 00:00:00
(1 row)

SELECT date '01-08-1999';
      timestamp      
---------------------
 1999-01-08 00:00:00
(1 row)

SELECT date '99-08-01';
ERROR:  date/time field value out of range: "99-08-01"
LINE 1: SELECT date '99-08-01';
                    ^
HINT:  Perhaps you need a different "datestyle" setting.
CONTEXT:  referenced column: timestamp
SELECT date '1999-08-01';
      timestamp      
---------------------
 1999-08-01 00:00:00
(1 row)

SELECT date '99 01 08';
ERROR:  date/time field value out of range: "99 01 08"
LINE 1: SELECT date '99 01 08';
                    ^
HINT:  Perhaps you need a different "datestyle" setting.
CONTEXT:  referenced column: timestamp
SELECT date '1999 01 08';
      timestamp      
---------------------
 1999-01-08 00:00:00
(1 row)

SELECT date '08 01 99';
      timestamp      
---------------------
 1999-08-01 00:00:00
(1 row)

SELECT date '08 01 1999';
      timestamp      
---------------------
 1999-08-01 00:00:00
(1 row)

SELECT date '01 08 99';
      timestamp      
---------------------
 1999-01-08 00:00:00
(1 row)

SELECT date '01 08 1999';
      timestamp      
---------------------
 1999-01-08 00:00:00
(1 row)

SELECT date '99 08 01';
ERROR:  date/time field value out of range: "99 08 01"
LINE 1: SELECT date '99 08 01';
                    ^
HINT:  Perhaps you need a different "datestyle" setting.
CONTEXT:  referenced column: timestamp
SELECT date '1999 08 01';
      timestamp      
---------------------
 1999-08-01 00:00:00
(1 row)

RESET datestyle;
--
-- Simple math
-- Leave most of it for the horology tests
--
SELECT f1 - date '2000-01-01' AS "Days From 2K" FROM DATE_TBL;
   Days From 2K   
------------------
 @ 15607 days ago
 @ 15542 days ago
 @ 1403 days ago
 @ 1402 days ago
 @ 1401 days ago
 @ 1400 days ago
 @ 1037 days ago
 @ 1036 days ago
 @ 1035 days ago
 @ 91 days
 @ 92 days
 @ 93 days
 @ 13977 days
 @ 14343 days
 @ 14710 days
(15 rows)

SELECT f1 - date 'epoch' AS "Days From Epoch" FROM DATE_TBL;
 Days From Epoch 
-----------------
 @ 4650 days ago
 @ 4585 days ago
 @ 9554 days
 @ 9555 days
 @ 9556 days
 @ 9557 days
 @ 9920 days
 @ 9921 days
 @ 9922 days
 @ 11048 days
 @ 11049 days
 @ 11050 days
 @ 24934 days
 @ 25300 days
 @ 25667 days
(15 rows)

SELECT date 'yesterday' - date 'today' AS "One day";
   One day   
-------------
 @ 1 day ago
(1 row)

SELECT date 'today' - date 'tomorrow' AS "One day";
   One day   
-------------
 @ 1 day ago
(1 row)

SELECT date 'yesterday' - date 'tomorrow' AS "Two days";
   Two days   
--------------
 @ 2 days ago
(1 row)

SELECT date 'tomorrow' - date 'today' AS "One day";
 One day 
---------
 @ 1 day
(1 row)

SELECT date 'today' - date 'yesterday' AS "One day";
 One day 
---------
 @ 1 day
(1 row)

SELECT date 'tomorrow' - date 'yesterday' AS "Two days";
 Two days 
----------
 @ 2 days
(1 row)

--
-- test extract!
--
-- century
--
SELECT EXTRACT(CENTURY FROM DATE '0101-12-31 BC'); -- -2
 date_part 
-----------
        -2
(1 row)

SELECT EXTRACT(CENTURY FROM DATE '0100-12-31 BC'); -- -1
 date_part 
-----------
        -1
(1 row)

SELECT EXTRACT(CENTURY FROM DATE '0001-12-31 BC'); -- -1
ERROR:  invalid data for "year =  0", value must be between -4712 and 9999, and not be 0
LINE 1: SELECT EXTRACT(CENTURY FROM DATE '0001-12-31 BC');
                                         ^
CONTEXT:  referenced column: date_part
SELECT EXTRACT(CENTURY FROM DATE '0001-01-01');    --  1
 date_part 
-----------
         1
(1 row)

SELECT EXTRACT(CENTURY FROM DATE '0001-01-01 AD'); --  1
 date_part 
-----------
         1
(1 row)

SELECT EXTRACT(CENTURY FROM DATE '1900-12-31');    -- 19
 date_part 
-----------
        19
(1 row)

SELECT EXTRACT(CENTURY FROM DATE '1901-01-01');    -- 20
 date_part 
-----------
        20
(1 row)

SELECT EXTRACT(CENTURY FROM DATE '2000-12-31');    -- 20
 date_part 
-----------
        20
(1 row)

SELECT EXTRACT(CENTURY FROM DATE '2001-01-01');    -- 21
 date_part 
-----------
        21
(1 row)

SELECT EXTRACT(CENTURY FROM CURRENT_DATE)>=21 AS True;     -- true
 true 
------
 t
(1 row)

--
-- millennium
--
SELECT EXTRACT(MILLENNIUM FROM DATE '0001-12-31 BC'); -- -1
ERROR:  invalid data for "year =  0", value must be between -4712 and 9999, and not be 0
LINE 1: SELECT EXTRACT(MILLENNIUM FROM DATE '0001-12-31 BC');
                                            ^
CONTEXT:  referenced column: date_part
SELECT EXTRACT(MILLENNIUM FROM DATE '0001-01-01 AD'); --  1
 date_part 
-----------
         1
(1 row)

SELECT EXTRACT(MILLENNIUM FROM DATE '1000-12-31');    --  1
 date_part 
-----------
         1
(1 row)

SELECT EXTRACT(MILLENNIUM FROM DATE '1001-01-01');    --  2
 date_part 
-----------
         2
(1 row)

SELECT EXTRACT(MILLENNIUM FROM DATE '2000-12-31');    --  2
 date_part 
-----------
         2
(1 row)

SELECT EXTRACT(MILLENNIUM FROM DATE '2001-01-01');    --  3
 date_part 
-----------
         3
(1 row)

-- next test to be fixed on the turn of the next millennium;-)
SELECT EXTRACT(MILLENNIUM FROM CURRENT_DATE);         --  3
 date_part 
-----------
         3
(1 row)

--
-- decade
--
SELECT EXTRACT(DECADE FROM DATE '1994-12-25');    -- 199
 date_part 
-----------
       199
(1 row)

SELECT EXTRACT(DECADE FROM DATE '0010-01-01');    --   1
 date_part 
-----------
         1
(1 row)

SELECT EXTRACT(DECADE FROM DATE '0009-12-31');    --   0
 date_part 
-----------
         0
(1 row)

SELECT EXTRACT(DECADE FROM DATE '0001-01-01 BC'); --   0
ERROR:  invalid data for "year =  0", value must be between -4712 and 9999, and not be 0
LINE 1: SELECT EXTRACT(DECADE FROM DATE '0001-01-01 BC');
                                        ^
CONTEXT:  referenced column: date_part
SELECT EXTRACT(DECADE FROM DATE '0002-12-31 BC'); --  -1
 date_part 
-----------
        -1
(1 row)

SELECT EXTRACT(DECADE FROM DATE '0011-01-01 BC'); --  -1
 date_part 
-----------
        -1
(1 row)

SELECT EXTRACT(DECADE FROM DATE '0012-12-31 BC'); --  -2
 date_part 
-----------
        -2
(1 row)

--
-- some other types:
--
-- on a timestamp.
SELECT EXTRACT(CENTURY FROM NOW())>=21 AS True;       -- true
 true 
------
 t
(1 row)

SELECT EXTRACT(CENTURY FROM TIMESTAMP '1970-03-20 04:30:00.00000'); -- 20
 date_part 
-----------
        20
(1 row)

-- on an interval
SELECT EXTRACT(CENTURY FROM INTERVAL '100 y');  -- 1
 date_part 
-----------
         1
(1 row)

SELECT EXTRACT(CENTURY FROM INTERVAL '99 y');   -- 0
 date_part 
-----------
         0
(1 row)

SELECT EXTRACT(CENTURY FROM INTERVAL '-99 y');  -- 0
 date_part 
-----------
         0
(1 row)

SELECT EXTRACT(CENTURY FROM INTERVAL '-100 y'); -- -1
 date_part 
-----------
        -1
(1 row)

--
-- test trunc function!
--
SELECT DATE_TRUNC('MILLENNIUM', TIMESTAMP '1970-03-20 04:30:00.00000'); -- 1001
        date_trunc        
--------------------------
 Thu Jan 01 00:00:00 1001
(1 row)

SELECT DATE_TRUNC('MILLENNIUM', DATE '1970-03-20'); -- 1001-01-01
        date_trunc        
--------------------------
 Thu Jan 01 00:00:00 1001
(1 row)

SELECT DATE_TRUNC('CENTURY', TIMESTAMP '1970-03-20 04:30:00.00000'); -- 1901
        date_trunc        
--------------------------
 Tue Jan 01 00:00:00 1901
(1 row)

SELECT DATE_TRUNC('CENTURY', DATE '1970-03-20'); -- 1901
        date_trunc        
--------------------------
 Tue Jan 01 00:00:00 1901
(1 row)

SELECT DATE_TRUNC('CENTURY', DATE '2004-08-10'); -- 2001-01-01
        date_trunc        
--------------------------
 Mon Jan 01 00:00:00 2001
(1 row)

SELECT DATE_TRUNC('CENTURY', DATE '0002-02-04'); -- 0001-01-01
        date_trunc        
--------------------------
 Mon Jan 01 00:00:00 0001
(1 row)

SELECT DATE_TRUNC('CENTURY', DATE '0055-08-10 BC'); -- 0100-01-01 BC
         date_trunc          
-----------------------------
 Tue Jan 01 00:00:00 0100 BC
(1 row)

SELECT DATE_TRUNC('DECADE', DATE '1993-12-25'); -- 1990-01-01
        date_trunc        
--------------------------
 Mon Jan 01 00:00:00 1990
(1 row)

SELECT DATE_TRUNC('DECADE', DATE '0004-12-25'); -- 0001-01-01 BC
         date_trunc          
-----------------------------
 Sat Jan 01 00:00:00 0001 BC
(1 row)

SELECT DATE_TRUNC('DECADE', DATE '0002-12-31 BC'); -- 0011-01-01 BC
         date_trunc          
-----------------------------
 Mon Jan 01 00:00:00 0011 BC
(1 row)

--
-- test infinity
--
select 'infinity'::date, '-infinity'::date;
 timestamp | timestamp 
-----------+-----------
 infinity  | -infinity
(1 row)

select 'infinity'::date > 'today'::date as t;
 t 
---
 t
(1 row)

select '-infinity'::date < 'today'::date as t;
 t 
---
 t
(1 row)

select isfinite('infinity'::date), isfinite('-infinity'::date), isfinite('today'::date);
 isfinite | isfinite | isfinite 
----------+----------+----------
 f        | f        | t
(1 row)

