create table tt(col1 date);
insert into tt values('10000-01-28');
ERROR:  invalid data for "year =  10000", value must be between -4712 and 9999, and not be 0
LINE 1: insert into tt values('10000-01-28');
                              ^
CONTEXT:  referenced column: col1
insert into tt values(TO_DATE('10000-01-28','yyyy-mm-dd'));
ERROR:  invalid data for "year =  10000" ,value must be between 1 and 9999, and not be 0
CONTEXT:  referenced column: col1
drop table tt;
