-- row table pg_table_size
create schema table_size_schema;
CREATE TABLE table_size_schema.normal_table(id int);
CREATE TABLE table_size_schema.compressed_table_1024(id int) WITH(compresstype=2, compress_chunk_size=1024);
WARNING:  The compressed relation you are using is an unofficial supported extended feature.
CREATE TABLE table_size_schema.compressed_table_2048(id int) WITH(compresstype=2, compress_chunk_size=2048);
WARNING:  The compressed relation you are using is an unofficial supported extended feature.
CREATE TABLE table_size_schema.compressed_table_4096(id int) WITH(compresstype=2, compress_chunk_size=4096);
WARNING:  The compressed relation you are using is an unofficial supported extended feature.
select pg_table_size('table_size_schema.normal_table');
 pg_table_size 
---------------
             0
(1 row)

select pg_table_size('table_size_schema.compressed_table_1024');
 pg_table_size 
---------------
             0
(1 row)

select pg_table_size('table_size_schema.compressed_table_2048');
 pg_table_size 
---------------
             0
(1 row)

select pg_table_size('table_size_schema.compressed_table_4096');
 pg_table_size 
---------------
             0
(1 row)

drop schema table_size_schema cascade;
NOTICE:  drop cascades to 4 other objects
DETAIL:  drop cascades to table table_size_schema.normal_table
drop cascades to table table_size_schema.compressed_table_1024
drop cascades to table table_size_schema.compressed_table_2048
drop cascades to table table_size_schema.compressed_table_4096
-- partition table pg_table_size
create schema partition_table_size_schema;
create table partition_table_size_schema.normal_partition(INV_DATE_SK integer)
partition by range(inv_date_sk)(partition p0 values less than(5000),partition p1 values less than(10000));
create table partition_table_size_schema.compressed_partition_1024(INV_DATE_SK integer)
WITH(compresstype=2, compress_chunk_size=1024)
partition by range(inv_date_sk)(partition p0 values less than(5000),partition p1 values less than(10000));
WARNING:  The compressed relation you are using is an unofficial supported extended feature.
create table partition_table_size_schema.compressed_partition_2048(INV_DATE_SK integer)
WITH(compresstype=2, compress_chunk_size=2048)
partition by range(inv_date_sk)(partition p0 values less than(5000),partition p1 values less than(10000));
WARNING:  The compressed relation you are using is an unofficial supported extended feature.
create table partition_table_size_schema.compressed_partition_4096(INV_DATE_SK integer)
WITH(compresstype=2, compress_chunk_size=4096)
partition by range(inv_date_sk)(partition p0 values less than(5000),partition p1 values less than(10000));
WARNING:  The compressed relation you are using is an unofficial supported extended feature.
select pg_table_size('partition_table_size_schema.normal_partition');
 pg_table_size 
---------------
             0
(1 row)

select pg_table_size('partition_table_size_schema.compressed_partition_1024');
 pg_table_size 
---------------
             0
(1 row)

select pg_table_size('partition_table_size_schema.compressed_partition_2048');
 pg_table_size 
---------------
             0
(1 row)

select pg_table_size('partition_table_size_schema.compressed_partition_4096');
 pg_table_size 
---------------
             0
(1 row)

drop schema partition_table_size_schema cascade;
NOTICE:  drop cascades to 4 other objects
DETAIL:  drop cascades to table partition_table_size_schema.normal_partition
drop cascades to table partition_table_size_schema.compressed_partition_1024
drop cascades to table partition_table_size_schema.compressed_partition_2048
drop cascades to table partition_table_size_schema.compressed_partition_4096
